12345 0 0
Storage: Parset received.
FinalMetaDataGatherer: Parset received.
FinalMetaDataGatherer: FinalMetaData sent.
Storage: FinalMetaData received and matches.
12345
